<testsuites name="jest tests" tests="1" failures="0" time="0.795">
  <testsuite name="undefined" errors="0" failures="0" skipped="0" timestamp="2018-08-23T02:51:00" time="0.377" tests="1">
    <testcase classname=" renders without crashing" name=" renders without crashing" time="0.023">
    </testcase>
  </testsuite>
</testsuites>